// Jest Snapshot v1, https://goo.gl/fbAQLP

exports[`Button.vue matches snapshot 1`] = `
<button
  class="on-button"
>
  <!--v-if-->
</button>
`;
