// Jest Snapshot v1, https://goo.gl/fbAQLP

exports[`row.vue matches snapshot 1`] = `
<div
  class="on-row"
>
  
  
</div>
`;
